com/oltpbenchmark/util/TimeUtil.class
com/oltpbenchmark/util/RandomDistribution$Flat.class
com/oltpbenchmark/util/TextGenerator.class
com/oltpbenchmark/util/RandomGenerator.class
com/oltpbenchmark/catalog/HSQLDBCatalog.class
com/oltpbenchmark/benchmarks/tpcc/procedures/Payment.class
com/oltpbenchmark/benchmarks/tpcc/TPCCLoader.class
com/oltpbenchmark/api/TransactionGenerator.class
com/oltpbenchmark/benchmarks/seats/SEATSLoader$FlightIterable.class
com/oltpbenchmark/benchmarks/tpcc/TPCCWorker.class
com/oltpbenchmark/benchmarks/seats/SEATSLoader$ScalingDataIterable.class
com/oltpbenchmark/catalog/Index$IndexColumn.class
com/oltpbenchmark/benchmarks/epinions/EpinionsLoader$2.class
com/oltpbenchmark/benchmarks/tpcc/procedures/TPCCProcedure.class
com/oltpbenchmark/benchmarks/tatp/TATPConstants.class
com/oltpbenchmark/benchmarks/epinions/procedures/UpdateReviewRating.class
com/oltpbenchmark/benchmarks/cfp/CFPBenchmark$1.class
com/oltpbenchmark/types/State.class
com/oltpbenchmark/LatencyRecord.class
com/oltpbenchmark/api/collectors/DBParameterCollector.class
com/oltpbenchmark/benchmarks/epinions/procedures/UpdateUserName.class
com/oltpbenchmark/util/SQLUtil.class
com/oltpbenchmark/benchmarks/tatp/TATPWorker$Transaction$5.class
com/oltpbenchmark/api/SQLStmt.class
com/oltpbenchmark/ThreadBench$WatchDogThread.class
com/oltpbenchmark/benchmarks/seats/SEATSLoader$3.class
com/oltpbenchmark/api/collectors/MySQLCollector.class
com/oltpbenchmark/benchmarks/tatp/TATPLoader$3.class
com/oltpbenchmark/distributions/Generator.class
com/oltpbenchmark/types/DatabaseType.class
com/oltpbenchmark/benchmarks/seats/SEATSLoader$FrequentFlyerIterable.class
com/oltpbenchmark/benchmarks/seats/procedures/UpdateReservation.class
com/oltpbenchmark/benchmarks/seats/SEATSWorker.class
com/oltpbenchmark/catalog/AbstractCatalog.class
com/oltpbenchmark/benchmarks/tpcc/pojo/Customer.class
com/oltpbenchmark/util/ThreadUtil.class
com/oltpbenchmark/benchmarks/seats/SEATSLoader$5.class
com/oltpbenchmark/benchmarks/epinions/EpinionsBenchmark.class
com/oltpbenchmark/benchmarks/tatp/procedures/GetAccessData.class
com/oltpbenchmark/api/collectors/CockroachCollector.class
com/oltpbenchmark/Phase.class
com/oltpbenchmark/benchmarks/tatp/procedures/UpdateLocation.class
com/oltpbenchmark/util/RowRandomInt.class
com/oltpbenchmark/api/collectors/PostgresCollector.class
com/oltpbenchmark/api/BenchmarkModule.class
com/oltpbenchmark/benchmarks/seats/SEATSWorker$Transaction.class
com/oltpbenchmark/benchmarks/tpcc/pojo/NewOrder.class
com/oltpbenchmark/benchmarks/tatp/TATPWorker$Transaction$3.class
com/oltpbenchmark/BenchmarkState.class
com/oltpbenchmark/benchmarks/epinions/EpinionsLoader$4.class
com/oltpbenchmark/util/CollectionUtil.class
com/oltpbenchmark/util/Histogram$Members.class
com/oltpbenchmark/benchmarks/seats/util/CustomerIdIterable$1.class
com/oltpbenchmark/benchmarks/seats/procedures/Config.class
com/oltpbenchmark/api/Operation.class
com/oltpbenchmark/benchmarks/tatp/TATPLoader$1.class
com/oltpbenchmark/benchmarks/tpcc/TPCCLoader$1.class
com/oltpbenchmark/benchmarks/seats/SEATSLoader$2.class
com/oltpbenchmark/util/Pair.class
com/oltpbenchmark/api/dialects/ProcedureType.class
com/oltpbenchmark/util/SQLUtil$1.class
com/oltpbenchmark/benchmarks/tpcc/TPCCConfig.class
com/oltpbenchmark/api/dialects/DialectType.class
com/oltpbenchmark/util/RowRandomBoundedInt.class
com/oltpbenchmark/benchmarks/tatp/TATPWorker$Transaction$7.class
com/oltpbenchmark/DBWorkload.class
com/oltpbenchmark/WorkloadState.class
com/oltpbenchmark/util/TableDataIterable.class
com/oltpbenchmark/benchmarks/epinions/EpinionsLoader.class
com/oltpbenchmark/benchmarks/seats/SEATSLoader$1.class
com/oltpbenchmark/benchmarks/tpcc/TPCCBenchmark.class
com/oltpbenchmark/benchmarks/tatp/TATPWorker$Transaction$6.class
com/oltpbenchmark/types/TransactionStatus.class
com/oltpbenchmark/benchmarks/seats/SEATSLoader$CustomerIterable.class
com/oltpbenchmark/SubmittedProcedure.class
com/oltpbenchmark/util/CollectionUtil$1.class
com/oltpbenchmark/WorkloadConfiguration.class
com/oltpbenchmark/benchmarks/tpcc/TPCCLoader$2.class
com/oltpbenchmark/util/JSONUtil.class
com/oltpbenchmark/api/TransactionTypes.class
com/oltpbenchmark/api/Worker.class
com/oltpbenchmark/benchmarks/tpcc/TPCCConstants.class
com/oltpbenchmark/benchmarks/tatp/procedures/GetNewDestination.class
com/oltpbenchmark/util/StringUtil.class
com/oltpbenchmark/util/ClassUtil.class
com/oltpbenchmark/benchmarks/seats/SEATSLoader$10.class
com/oltpbenchmark/benchmarks/cfp/procedures/UpdateCFP.class
com/oltpbenchmark/util/LatchedExceptionHandler.class
com/oltpbenchmark/benchmarks/seats/SEATSLoader$12.class
com/oltpbenchmark/catalog/Index.class
com/oltpbenchmark/jdbc/AutoIncrementPreparedStatement.class
com/oltpbenchmark/benchmarks/epinions/procedures/GetAverageRatingByTrustedUser.class
com/oltpbenchmark/benchmarks/seats/procedures/UpdateCustomer.class
com/oltpbenchmark/benchmarks/tatp/procedures/InsertCallForwarding.class
com/oltpbenchmark/api/LoaderThread.class
com/oltpbenchmark/benchmarks/epinions/procedures/GetItemReviewsByTrustedUser.class
com/oltpbenchmark/benchmarks/tpcc/pojo/District.class
com/oltpbenchmark/util/Histogram.class
com/oltpbenchmark/util/ResultWriter.class
com/oltpbenchmark/benchmarks/epinions/procedures/GetReviewItemById.class
com/oltpbenchmark/benchmarks/seats/SEATSLoader$11.class
com/oltpbenchmark/benchmarks/tatp/procedures/UpdateSubscriberData.class
com/oltpbenchmark/distributions/ZipfianGenerator.class
com/oltpbenchmark/benchmarks/epinions/procedures/UpdateTrustRating.class
com/oltpbenchmark/catalog/Column.class
com/oltpbenchmark/benchmarks/seats/SEATSLoader$ReservationIterable.class
com/oltpbenchmark/benchmarks/seats/util/ReturnFlight.class
com/oltpbenchmark/util/TableDataIterable$TableIterator.class
com/oltpbenchmark/benchmarks/tatp/TATPWorker.class
com/oltpbenchmark/api/collectors/DBParameterCollectorGen$1.class
com/oltpbenchmark/benchmarks/tatp/TATPWorker$Transaction$4.class
com/oltpbenchmark/distributions/Utils.class
com/oltpbenchmark/api/dialects/ObjectFactory.class
com/oltpbenchmark/Phase$Arrival.class
com/oltpbenchmark/DistributionStatistics.class
com/oltpbenchmark/benchmarks/tatp/TATPBenchmark.class
com/oltpbenchmark/api/Procedure.class
com/oltpbenchmark/benchmarks/seats/procedures/DeleteReservation.class
com/oltpbenchmark/benchmarks/seats/SEATSLoader$ScalingDataIterable$1.class
com/oltpbenchmark/benchmarks/epinions/procedures/GetReviewsByUser.class
com/oltpbenchmark/ThreadBench$MonitorThread.class
com/oltpbenchmark/benchmarks/tpcc/pojo/Warehouse.class
com/oltpbenchmark/benchmarks/seats/procedures/NewReservation.class
com/oltpbenchmark/benchmarks/tpcc/pojo/Item.class
com/oltpbenchmark/benchmarks/seats/procedures/FindFlights.class
com/oltpbenchmark/benchmarks/seats/SEATSWorker$CacheType.class
com/oltpbenchmark/api/dialects/StatementType.class
com/oltpbenchmark/util/ScriptRunner.class
com/oltpbenchmark/benchmarks/seats/procedures/LoadConfig.class
com/oltpbenchmark/util/ThreadUtil$LatchRunnable.class
com/oltpbenchmark/util/RandomDistribution$Zipf.class
com/oltpbenchmark/benchmarks/tpcc/pojo/Stock.class
com/oltpbenchmark/benchmarks/seats/SEATSWorker$Reservation.class
com/oltpbenchmark/api/StatementDialects$1.class
com/oltpbenchmark/benchmarks/epinions/EpinionsLoader$1.class
com/oltpbenchmark/benchmarks/tatp/TATPWorker$TransactionInvoker.class
com/oltpbenchmark/api/Worker$1.class
com/oltpbenchmark/api/dialects/DialectsType.class
com/oltpbenchmark/benchmarks/seats/SEATSConstants.class
com/oltpbenchmark/benchmarks/tatp/procedures/GetSubscriberData.class
com/oltpbenchmark/benchmarks/seats/SEATSLoader$6.class
com/oltpbenchmark/benchmarks/tatp/TATPWorker$Transaction$2.class
com/oltpbenchmark/benchmarks/seats/util/CustomerIdIterable.class
com/oltpbenchmark/catalog/Catalog.class
com/oltpbenchmark/benchmarks/seats/SEATSLoader$AirportDistanceIterable.class
com/oltpbenchmark/benchmarks/epinions/EpinionsLoader$3.class
com/oltpbenchmark/benchmarks/tatp/TATPLoader.class
com/oltpbenchmark/util/RowRandomBoundedLong.class
com/oltpbenchmark/benchmarks/tpcc/pojo/History.class
com/oltpbenchmark/benchmarks/epinions/EpinionsConstants.class
com/oltpbenchmark/benchmarks/tatp/TATPLoader$2.class
com/oltpbenchmark/api/StatementDialects.class
com/oltpbenchmark/util/RandomDistribution$FlatHistogram.class
com/oltpbenchmark/util/FileUtil.class
com/oltpbenchmark/benchmarks/seats/util/DistanceUtil.class
com/oltpbenchmark/benchmarks/tpcc/procedures/OrderStatus.class
com/oltpbenchmark/ThreadBench$TimeBucketIterator.class
com/oltpbenchmark/api/collectors/DBCollector.class
com/oltpbenchmark/benchmarks/seats/procedures/FindOpenSeats.class
com/oltpbenchmark/benchmarks/seats/SEATSLoader$4.class
com/oltpbenchmark/util/JSONSerializable.class
com/oltpbenchmark/benchmarks/epinions/EpinionsWorker.class
com/oltpbenchmark/benchmarks/tpcc/pojo/Oorder.class
com/oltpbenchmark/distributions/ScrambledZipfianGenerator.class
com/oltpbenchmark/LatencyRecord$Sample.class
com/oltpbenchmark/benchmarks/cfp/CFPWorker.class
com/oltpbenchmark/benchmarks/tatp/TATPWorker$Transaction$1.class
com/oltpbenchmark/benchmarks/tatp/procedures/DeleteCallForwarding.class
com/oltpbenchmark/benchmarks/epinions/procedures/GetItemAverageRating.class
com/oltpbenchmark/api/TransactionType.class
com/oltpbenchmark/benchmarks/seats/SEATSBenchmark.class
com/oltpbenchmark/benchmarks/seats/util/ErrorType.class
com/oltpbenchmark/ThreadBench$TimeBucketIterable.class
com/oltpbenchmark/benchmarks/epinions/procedures/UpdateItemTitle.class
com/oltpbenchmark/distributions/CounterGenerator.class
com/oltpbenchmark/distributions/IntegerGenerator.class
com/oltpbenchmark/util/RandomDistribution$DiscreteRNG.class
com/oltpbenchmark/benchmarks/cfp/CFPBenchmark.class
com/oltpbenchmark/api/Procedure$UserAbortException.class
com/oltpbenchmark/util/RandomDistribution.class
com/oltpbenchmark/benchmarks/seats/SEATSLoader$8.class
com/oltpbenchmark/benchmarks/seats/util/CustomerId.class
com/oltpbenchmark/types/SortDirectionType.class
com/oltpbenchmark/benchmarks/seats/SEATSLoader$FixedDataIterable.class
com/oltpbenchmark/util/RowRandomLong.class
com/oltpbenchmark/benchmarks/seats/util/FlightId.class
com/oltpbenchmark/util/CompositeId.class
com/oltpbenchmark/benchmarks/seats/SEATSLoader$7.class
com/oltpbenchmark/api/collectors/DBParameterCollectorGen.class
com/oltpbenchmark/LatencyRecord$LatencyRecordIterator.class
com/oltpbenchmark/api/TransactionType$Invalid.class
com/oltpbenchmark/ThreadBench.class
com/oltpbenchmark/benchmarks/seats/SEATSProfile.class
com/oltpbenchmark/benchmarks/cfp/procedures/UpdateCo2.class
com/oltpbenchmark/util/RandomDistribution$Gaussian.class
com/oltpbenchmark/Results.class
com/oltpbenchmark/benchmarks/tpcc/procedures/NewOrder.class
com/oltpbenchmark/benchmarks/tatp/TATPWorker$Transaction.class
com/oltpbenchmark/benchmarks/seats/util/SEATSHistogramUtil.class
com/oltpbenchmark/benchmarks/tpcc/procedures/StockLevel.class
com/oltpbenchmark/benchmarks/seats/SEATSLoader$9.class
com/oltpbenchmark/benchmarks/tpcc/procedures/Delivery.class
com/oltpbenchmark/catalog/Table.class
com/oltpbenchmark/util/ThreadUtil$1.class
com/oltpbenchmark/benchmarks/seats/SEATSLoader.class
com/oltpbenchmark/benchmarks/seats/SEATSLoader$FixedDataIterable$1.class
com/oltpbenchmark/benchmarks/seats/SEATSLoader$ReservationIterable$1.class
com/oltpbenchmark/api/Loader.class
com/oltpbenchmark/benchmarks/seats/SEATSLoader$12$1.class
com/oltpbenchmark/catalog/AbstractCatalogObject.class
com/oltpbenchmark/benchmarks/tpcc/TPCCUtil.class
com/oltpbenchmark/benchmarks/tatp/TATPUtil.class
com/oltpbenchmark/benchmarks/tpcc/pojo/OrderLine.class
