/root/ultraverse-benchbase/src/main/java/com/oltpbenchmark/benchmarks/tpcc/TPCCConstants.java
/root/ultraverse-benchbase/src/main/java/com/oltpbenchmark/api/dialects/ProcedureType.java
/root/ultraverse-benchbase/src/main/java/com/oltpbenchmark/util/TimeUtil.java
/root/ultraverse-benchbase/src/main/java/com/oltpbenchmark/benchmarks/seats/procedures/FindOpenSeats.java
/root/ultraverse-benchbase/src/main/java/com/oltpbenchmark/distributions/IntegerGenerator.java
/root/ultraverse-benchbase/src/main/java/com/oltpbenchmark/util/RowRandomLong.java
/root/ultraverse-benchbase/src/main/java/com/oltpbenchmark/WorkloadConfiguration.java
/root/ultraverse-benchbase/src/main/java/com/oltpbenchmark/benchmarks/epinions/procedures/UpdateTrustRating.java
/root/ultraverse-benchbase/src/main/java/com/oltpbenchmark/ThreadBench.java
/root/ultraverse-benchbase/src/main/java/com/oltpbenchmark/api/collectors/CockroachCollector.java
/root/ultraverse-benchbase/src/main/java/com/oltpbenchmark/api/BenchmarkModule.java
/root/ultraverse-benchbase/src/main/java/com/oltpbenchmark/benchmarks/seats/util/SEATSHistogramUtil.java
/root/ultraverse-benchbase/src/main/java/com/oltpbenchmark/benchmarks/tpcc/TPCCUtil.java
/root/ultraverse-benchbase/src/main/java/com/oltpbenchmark/types/DatabaseType.java
/root/ultraverse-benchbase/src/main/java/com/oltpbenchmark/benchmarks/seats/util/FlightId.java
/root/ultraverse-benchbase/src/main/java/com/oltpbenchmark/benchmarks/tpcc/pojo/Warehouse.java
/root/ultraverse-benchbase/src/main/java/com/oltpbenchmark/benchmarks/tatp/procedures/GetSubscriberData.java
/root/ultraverse-benchbase/src/main/java/com/oltpbenchmark/benchmarks/epinions/procedures/GetReviewItemById.java
/root/ultraverse-benchbase/src/main/java/com/oltpbenchmark/benchmarks/tpcc/TPCCConfig.java
/root/ultraverse-benchbase/src/main/java/com/oltpbenchmark/benchmarks/seats/procedures/LoadConfig.java
/root/ultraverse-benchbase/src/main/java/com/oltpbenchmark/catalog/Table.java
/root/ultraverse-benchbase/src/main/java/com/oltpbenchmark/api/dialects/DialectType.java
/root/ultraverse-benchbase/src/main/java/com/oltpbenchmark/benchmarks/epinions/procedures/GetItemReviewsByTrustedUser.java
/root/ultraverse-benchbase/src/main/java/com/oltpbenchmark/DBWorkload.java
/root/ultraverse-benchbase/src/main/java/com/oltpbenchmark/benchmarks/tpcc/pojo/Stock.java
/root/ultraverse-benchbase/src/main/java/com/oltpbenchmark/distributions/CounterGenerator.java
/root/ultraverse-benchbase/src/main/java/com/oltpbenchmark/benchmarks/tatp/TATPBenchmark.java
/root/ultraverse-benchbase/src/main/java/com/oltpbenchmark/distributions/Generator.java
/root/ultraverse-benchbase/src/main/java/com/oltpbenchmark/benchmarks/tatp/procedures/UpdateSubscriberData.java
/root/ultraverse-benchbase/src/main/java/com/oltpbenchmark/benchmarks/tpcc/pojo/History.java
/root/ultraverse-benchbase/src/main/java/com/oltpbenchmark/benchmarks/epinions/EpinionsBenchmark.java
/root/ultraverse-benchbase/src/main/java/com/oltpbenchmark/api/dialects/StatementType.java
/root/ultraverse-benchbase/src/main/java/com/oltpbenchmark/benchmarks/tatp/procedures/GetNewDestination.java
/root/ultraverse-benchbase/src/main/java/com/oltpbenchmark/util/JSONSerializable.java
/root/ultraverse-benchbase/src/main/java/com/oltpbenchmark/benchmarks/epinions/procedures/UpdateUserName.java
/root/ultraverse-benchbase/src/main/java/com/oltpbenchmark/api/TransactionTypes.java
/root/ultraverse-benchbase/src/main/java/com/oltpbenchmark/util/Pair.java
/root/ultraverse-benchbase/src/main/java/com/oltpbenchmark/util/FileUtil.java
/root/ultraverse-benchbase/src/main/java/com/oltpbenchmark/LatencyRecord.java
/root/ultraverse-benchbase/src/main/java/com/oltpbenchmark/benchmarks/tpcc/pojo/OrderLine.java
/root/ultraverse-benchbase/src/main/java/com/oltpbenchmark/catalog/Column.java
/root/ultraverse-benchbase/src/main/java/com/oltpbenchmark/util/ClassUtil.java
/root/ultraverse-benchbase/src/main/java/com/oltpbenchmark/benchmarks/seats/SEATSBenchmark.java
/root/ultraverse-benchbase/src/main/java/com/oltpbenchmark/benchmarks/seats/procedures/DeleteReservation.java
/root/ultraverse-benchbase/src/main/java/com/oltpbenchmark/benchmarks/seats/procedures/Config.java
/root/ultraverse-benchbase/src/main/java/com/oltpbenchmark/util/CollectionUtil.java
/root/ultraverse-benchbase/src/main/java/com/oltpbenchmark/benchmarks/seats/util/CustomerId.java
/root/ultraverse-benchbase/src/main/java/com/oltpbenchmark/api/dialects/DialectsType.java
/root/ultraverse-benchbase/src/main/java/com/oltpbenchmark/api/dialects/ObjectFactory.java
/root/ultraverse-benchbase/src/main/java/com/oltpbenchmark/types/SortDirectionType.java
/root/ultraverse-benchbase/src/main/java/com/oltpbenchmark/benchmarks/epinions/procedures/UpdateItemTitle.java
/root/ultraverse-benchbase/src/main/java/com/oltpbenchmark/benchmarks/seats/procedures/NewReservation.java
/root/ultraverse-benchbase/src/main/java/com/oltpbenchmark/types/State.java
/root/ultraverse-benchbase/src/main/java/com/oltpbenchmark/distributions/ScrambledZipfianGenerator.java
/root/ultraverse-benchbase/src/main/java/com/oltpbenchmark/catalog/HSQLDBCatalog.java
/root/ultraverse-benchbase/src/main/java/com/oltpbenchmark/benchmarks/tatp/procedures/GetAccessData.java
/root/ultraverse-benchbase/src/main/java/com/oltpbenchmark/benchmarks/seats/procedures/FindFlights.java
/root/ultraverse-benchbase/src/main/java/com/oltpbenchmark/api/collectors/DBParameterCollectorGen.java
/root/ultraverse-benchbase/src/main/java/com/oltpbenchmark/Results.java
/root/ultraverse-benchbase/src/main/java/com/oltpbenchmark/util/Histogram.java
/root/ultraverse-benchbase/src/main/java/com/oltpbenchmark/benchmarks/seats/procedures/UpdateReservation.java
/root/ultraverse-benchbase/src/main/java/com/oltpbenchmark/api/collectors/PostgresCollector.java
/root/ultraverse-benchbase/src/main/java/com/oltpbenchmark/api/Procedure.java
/root/ultraverse-benchbase/src/main/java/com/oltpbenchmark/util/TextGenerator.java
/root/ultraverse-benchbase/src/main/java/com/oltpbenchmark/benchmarks/cfp/CFPWorker.java
/root/ultraverse-benchbase/src/main/java/com/oltpbenchmark/api/Loader.java
/root/ultraverse-benchbase/src/main/java/com/oltpbenchmark/benchmarks/tpcc/procedures/Delivery.java
/root/ultraverse-benchbase/src/main/java/com/oltpbenchmark/util/LatchedExceptionHandler.java
/root/ultraverse-benchbase/src/main/java/com/oltpbenchmark/api/TransactionType.java
/root/ultraverse-benchbase/src/main/java/com/oltpbenchmark/benchmarks/seats/SEATSLoader.java
/root/ultraverse-benchbase/src/main/java/com/oltpbenchmark/benchmarks/epinions/procedures/GetAverageRatingByTrustedUser.java
/root/ultraverse-benchbase/src/main/java/com/oltpbenchmark/benchmarks/seats/SEATSWorker.java
/root/ultraverse-benchbase/src/main/java/com/oltpbenchmark/benchmarks/epinions/procedures/GetReviewsByUser.java
/root/ultraverse-benchbase/src/main/java/com/oltpbenchmark/benchmarks/seats/util/DistanceUtil.java
/root/ultraverse-benchbase/src/main/java/com/oltpbenchmark/benchmarks/tpcc/pojo/Item.java
/root/ultraverse-benchbase/src/main/java/com/oltpbenchmark/benchmarks/tatp/procedures/UpdateLocation.java
/root/ultraverse-benchbase/src/main/java/com/oltpbenchmark/util/ResultWriter.java
/root/ultraverse-benchbase/src/main/java/com/oltpbenchmark/api/Worker.java
/root/ultraverse-benchbase/src/main/java/com/oltpbenchmark/benchmarks/tpcc/pojo/District.java
/root/ultraverse-benchbase/src/main/java/com/oltpbenchmark/api/TransactionGenerator.java
/root/ultraverse-benchbase/src/main/java/com/oltpbenchmark/benchmarks/tpcc/TPCCBenchmark.java
/root/ultraverse-benchbase/src/main/java/com/oltpbenchmark/api/SQLStmt.java
/root/ultraverse-benchbase/src/main/java/com/oltpbenchmark/benchmarks/seats/util/CustomerIdIterable.java
/root/ultraverse-benchbase/src/main/java/com/oltpbenchmark/Phase.java
/root/ultraverse-benchbase/src/main/java/com/oltpbenchmark/SubmittedProcedure.java
/root/ultraverse-benchbase/src/main/java/com/oltpbenchmark/benchmarks/tatp/TATPLoader.java
/root/ultraverse-benchbase/src/main/java/com/oltpbenchmark/benchmarks/tatp/TATPUtil.java
/root/ultraverse-benchbase/src/main/java/com/oltpbenchmark/benchmarks/cfp/procedures/UpdateCFP.java
/root/ultraverse-benchbase/src/main/java/com/oltpbenchmark/benchmarks/epinions/EpinionsConstants.java
/root/ultraverse-benchbase/src/main/java/com/oltpbenchmark/catalog/Index.java
/root/ultraverse-benchbase/src/main/java/com/oltpbenchmark/benchmarks/tatp/TATPWorker.java
/root/ultraverse-benchbase/src/main/java/com/oltpbenchmark/benchmarks/cfp/procedures/UpdateCo2.java
/root/ultraverse-benchbase/src/main/java/com/oltpbenchmark/util/RowRandomBoundedLong.java
/root/ultraverse-benchbase/src/main/java/com/oltpbenchmark/api/Operation.java
/root/ultraverse-benchbase/src/main/java/com/oltpbenchmark/benchmarks/tpcc/pojo/Oorder.java
/root/ultraverse-benchbase/src/main/java/com/oltpbenchmark/catalog/AbstractCatalog.java
/root/ultraverse-benchbase/src/main/java/com/oltpbenchmark/benchmarks/tpcc/procedures/StockLevel.java
/root/ultraverse-benchbase/src/main/java/com/oltpbenchmark/benchmarks/tpcc/procedures/OrderStatus.java
/root/ultraverse-benchbase/src/main/java/com/oltpbenchmark/util/StringUtil.java
/root/ultraverse-benchbase/src/main/java/com/oltpbenchmark/util/RandomGenerator.java
/root/ultraverse-benchbase/src/main/java/com/oltpbenchmark/util/ThreadUtil.java
/root/ultraverse-benchbase/src/main/java/com/oltpbenchmark/benchmarks/tpcc/procedures/Payment.java
/root/ultraverse-benchbase/src/main/java/com/oltpbenchmark/benchmarks/seats/util/ErrorType.java
/root/ultraverse-benchbase/src/main/java/com/oltpbenchmark/api/LoaderThread.java
/root/ultraverse-benchbase/src/main/java/com/oltpbenchmark/util/RowRandomInt.java
/root/ultraverse-benchbase/src/main/java/com/oltpbenchmark/jdbc/AutoIncrementPreparedStatement.java
/root/ultraverse-benchbase/src/main/java/com/oltpbenchmark/api/collectors/MySQLCollector.java
/root/ultraverse-benchbase/src/main/java/com/oltpbenchmark/api/collectors/DBParameterCollector.java
/root/ultraverse-benchbase/src/main/java/com/oltpbenchmark/util/TableDataIterable.java
/root/ultraverse-benchbase/src/main/java/com/oltpbenchmark/benchmarks/tpcc/pojo/NewOrder.java
/root/ultraverse-benchbase/src/main/java/com/oltpbenchmark/benchmarks/seats/SEATSConstants.java
/root/ultraverse-benchbase/src/main/java/com/oltpbenchmark/util/ScriptRunner.java
/root/ultraverse-benchbase/src/main/java/com/oltpbenchmark/benchmarks/tatp/TATPConstants.java
/root/ultraverse-benchbase/src/main/java/com/oltpbenchmark/WorkloadState.java
/root/ultraverse-benchbase/src/main/java/com/oltpbenchmark/benchmarks/tatp/procedures/InsertCallForwarding.java
/root/ultraverse-benchbase/src/main/java/com/oltpbenchmark/benchmarks/seats/procedures/UpdateCustomer.java
/root/ultraverse-benchbase/src/main/java/com/oltpbenchmark/util/JSONUtil.java
/root/ultraverse-benchbase/src/main/java/com/oltpbenchmark/distributions/Utils.java
/root/ultraverse-benchbase/src/main/java/com/oltpbenchmark/api/collectors/DBCollector.java
/root/ultraverse-benchbase/src/main/java/com/oltpbenchmark/distributions/ZipfianGenerator.java
/root/ultraverse-benchbase/src/main/java/com/oltpbenchmark/types/TransactionStatus.java
/root/ultraverse-benchbase/src/main/java/com/oltpbenchmark/DistributionStatistics.java
/root/ultraverse-benchbase/src/main/java/com/oltpbenchmark/benchmarks/seats/util/ReturnFlight.java
/root/ultraverse-benchbase/src/main/java/com/oltpbenchmark/catalog/Catalog.java
/root/ultraverse-benchbase/src/main/java/com/oltpbenchmark/benchmarks/tpcc/pojo/Customer.java
/root/ultraverse-benchbase/src/main/java/com/oltpbenchmark/benchmarks/tpcc/procedures/NewOrder.java
/root/ultraverse-benchbase/src/main/java/com/oltpbenchmark/catalog/AbstractCatalogObject.java
/root/ultraverse-benchbase/src/main/java/com/oltpbenchmark/benchmarks/epinions/procedures/UpdateReviewRating.java
/root/ultraverse-benchbase/src/main/java/com/oltpbenchmark/util/RandomDistribution.java
/root/ultraverse-benchbase/src/main/java/com/oltpbenchmark/benchmarks/tpcc/TPCCWorker.java
/root/ultraverse-benchbase/src/main/java/com/oltpbenchmark/benchmarks/cfp/CFPBenchmark.java
/root/ultraverse-benchbase/src/main/java/com/oltpbenchmark/util/CompositeId.java
/root/ultraverse-benchbase/src/main/java/com/oltpbenchmark/benchmarks/epinions/EpinionsLoader.java
/root/ultraverse-benchbase/src/main/java/com/oltpbenchmark/util/RowRandomBoundedInt.java
/root/ultraverse-benchbase/src/main/java/com/oltpbenchmark/benchmarks/epinions/procedures/GetItemAverageRating.java
/root/ultraverse-benchbase/src/main/java/com/oltpbenchmark/BenchmarkState.java
/root/ultraverse-benchbase/src/main/java/com/oltpbenchmark/benchmarks/epinions/EpinionsWorker.java
/root/ultraverse-benchbase/src/main/java/com/oltpbenchmark/benchmarks/tatp/procedures/DeleteCallForwarding.java
/root/ultraverse-benchbase/src/main/java/com/oltpbenchmark/api/StatementDialects.java
/root/ultraverse-benchbase/src/main/java/com/oltpbenchmark/util/SQLUtil.java
/root/ultraverse-benchbase/src/main/java/com/oltpbenchmark/benchmarks/tpcc/TPCCLoader.java
/root/ultraverse-benchbase/src/main/java/com/oltpbenchmark/benchmarks/tpcc/procedures/TPCCProcedure.java
/root/ultraverse-benchbase/src/main/java/com/oltpbenchmark/benchmarks/seats/SEATSProfile.java
